  [norm s0] r00 clean=0.450 ASR=0.242 TSmal=0.450 TSben=0.417 cos=0.448
  [norm s0] r10 clean=0.742 ASR=0.096 TSmal=0.391 TSben=0.267 cos=0.392
  [norm s0] r20 clean=0.766 ASR=0.199 TSmal=0.467 TSben=0.277 cos=0.465
  [norm s0] r30 clean=0.801 ASR=0.248 TSmal=0.312 TSben=0.246 cos=0.328
  [norm s0] r39 clean=0.803 ASR=0.110 TSmal=0.266 TSben=0.140 cos=0.238
cpsub|norm|s0: final clean=0.803 ASR=0.110 (49s)
  [norm s1] r00 clean=0.498 ASR=0.014 TSmal=0.475 TSben=0.459 cos=0.455
  [norm s1] r10 clean=0.741 ASR=0.144 TSmal=0.287 TSben=0.225 cos=0.299
  [norm s1] r20 clean=0.789 ASR=0.248 TSmal=0.309 TSben=0.215 cos=0.305
  [norm s1] r30 clean=0.816 ASR=0.469 TSmal=0.172 TSben=0.186 cos=0.168
  [norm s1] r39 clean=0.812 ASR=0.686 TSmal=0.286 TSben=0.212 cos=0.259
cpsub|norm|s1: final clean=0.812 ASR=0.686 (51s)
  [norm s2] r00 clean=0.362 ASR=0.000 TSmal=0.613 TSben=0.504 cos=0.566
  [norm s2] r10 clean=0.793 ASR=0.098 TSmal=0.268 TSben=0.214 cos=0.283
  [norm s2] r20 clean=0.836 ASR=0.179 TSmal=0.398 TSben=0.223 cos=0.418
  [norm s2] r30 clean=0.840 ASR=0.297 TSmal=0.189 TSben=0.168 cos=0.199
  [norm s2] r39 clean=0.837 ASR=0.685 TSmal=0.169 TSben=0.167 cos=0.188
cpsub|norm|s2: final clean=0.837 ASR=0.685 (47s)
  [norm s3] r00 clean=0.620 ASR=0.029 TSmal=0.511 TSben=0.543 cos=0.493
  [norm s3] r10 clean=0.776 ASR=0.033 TSmal=0.218 TSben=0.122 cos=0.268
  [norm s3] r20 clean=0.813 ASR=0.108 TSmal=0.283 TSben=0.173 cos=0.295
  [norm s3] r30 clean=0.843 ASR=0.740 TSmal=0.288 TSben=0.164 cos=0.301
  [norm s3] r39 clean=0.841 ASR=0.802 TSmal=0.256 TSben=0.136 cos=0.248
cpsub|norm|s3: final clean=0.841 ASR=0.802 (51s)
  [norm s4] r00 clean=0.551 ASR=0.071 TSmal=0.589 TSben=0.528 cos=0.548
  [norm s4] r10 clean=0.790 ASR=0.240 TSmal=0.270 TSben=0.109 cos=0.312
  [norm s4] r20 clean=0.775 ASR=0.254 TSmal=0.330 TSben=0.232 cos=0.325
  [norm s4] r30 clean=0.820 ASR=0.394 TSmal=0.314 TSben=0.179 cos=0.315
  [norm s4] r39 clean=0.846 ASR=0.285 TSmal=0.145 TSben=0.139 cos=0.131
cpsub|norm|s4: final clean=0.846 ASR=0.285 (48s)
  [clip s0] r00 clean=0.451 ASR=0.242 TSmal=0.450 TSben=0.417 cos=0.448
  [clip s0] r10 clean=0.727 ASR=0.098 TSmal=0.264 TSben=0.139 cos=0.262
  [clip s0] r20 clean=0.792 ASR=0.174 TSmal=0.277 TSben=0.146 cos=0.286
  [clip s0] r30 clean=0.785 ASR=0.292 TSmal=0.286 TSben=0.121 cos=0.275
  [clip s0] r39 clean=0.807 ASR=0.343 TSmal=0.246 TSben=0.144 cos=0.225
cpsub|clip|s0: final clean=0.807 ASR=0.343 (47s)
  [clip s1] r00 clean=0.498 ASR=0.014 TSmal=0.475 TSben=0.459 cos=0.455
  [clip s1] r10 clean=0.736 ASR=0.176 TSmal=0.265 TSben=0.147 cos=0.271
  [clip s1] r20 clean=0.826 ASR=0.204 TSmal=0.022 TSben=0.062 cos=0.017
  [clip s1] r30 clean=0.848 ASR=0.398 TSmal=0.000 TSben=0.021 cos=-0.051
  [clip s1] r39 clean=0.845 ASR=0.555 TSmal=0.273 TSben=0.303 cos=0.251
cpsub|clip|s1: final clean=0.845 ASR=0.555 (48s)
  [clip s2] r00 clean=0.363 ASR=0.000 TSmal=0.613 TSben=0.504 cos=0.566
  [clip s2] r10 clean=0.807 ASR=0.111 TSmal=0.182 TSben=0.135 cos=0.190
  [clip s2] r20 clean=0.803 ASR=0.269 TSmal=0.262 TSben=0.126 cos=0.272
  [clip s2] r30 clean=0.843 ASR=0.543 TSmal=0.240 TSben=0.187 cos=0.240
  [clip s2] r39 clean=0.857 ASR=0.790 TSmal=0.111 TSben=0.109 cos=0.119
cpsub|clip|s2: final clean=0.857 ASR=0.790 (52s)
  [clip s3] r00 clean=0.620 ASR=0.029 TSmal=0.511 TSben=0.543 cos=0.493
  [clip s3] r10 clean=0.779 ASR=0.138 TSmal=0.185 TSben=0.100 cos=0.241
  [clip s3] r20 clean=0.835 ASR=0.180 TSmal=0.204 TSben=0.139 cos=0.229
  [clip s3] r30 clean=0.819 ASR=0.792 TSmal=0.186 TSben=0.074 cos=0.197
  [clip s3] r39 clean=0.836 ASR=0.816 TSmal=0.329 TSben=0.163 cos=0.317
cpsub|clip|s3: final clean=0.836 ASR=0.816 (46s)
  [clip s4] r00 clean=0.558 ASR=0.079 TSmal=0.589 TSben=0.528 cos=0.548
  [clip s4] r10 clean=0.785 ASR=0.234 TSmal=0.253 TSben=0.080 cos=0.276
  [clip s4] r20 clean=0.801 ASR=0.286 TSmal=0.322 TSben=0.187 cos=0.308
  [clip s4] r30 clean=0.795 ASR=0.551 TSmal=0.298 TSben=0.145 cos=0.301
  [clip s4] r39 clean=0.846 ASR=0.493 TSmal=0.077 TSben=0.079 cos=0.067
cpsub|clip|s4: final clean=0.846 ASR=0.493 (45s)

===== SUMMARY =====
cpsub norm  n=5 finalASR 0.513+-0.267 [0.11, 0.686, 0.685, 0.802, 0.285] succ(>=0.8)=1/5 | clean 0.828+-0.017
cpsub clip  n=5 finalASR 0.600+-0.180 [0.343, 0.555, 0.79, 0.816, 0.493] succ(>=0.8)=1/5 | clean 0.838+-0.017
total 484s
