  [norm s0] r00 clean=0.467 ASR=0.016 TSmal=0.436 TSben=0.430 cos=0.426
  [norm s0] r10 clean=0.810 ASR=0.022 TSmal=0.067 TSben=0.077 cos=0.079
  [norm s0] r20 clean=0.816 ASR=0.032 TSmal=0.150 TSben=0.071 cos=0.183
  [norm s0] r30 clean=0.818 ASR=0.040 TSmal=0.070 TSben=0.049 cos=0.066
  [norm s0] r40 clean=0.836 ASR=0.069 TSmal=0.099 TSben=0.035 cos=0.106
  [norm s0] r50 clean=0.845 ASR=0.144 TSmal=0.096 TSben=0.051 cos=0.111
  [norm s0] r60 clean=0.858 ASR=0.132 TSmal=0.184 TSben=0.160 cos=0.189
  [norm s0] r70 clean=0.834 ASR=0.183 TSmal=0.166 TSben=0.038 cos=0.186
  [norm s0] r80 clean=0.868 ASR=0.075 TSmal=0.118 TSben=0.091 cos=0.141
  [norm s0] r90 clean=0.860 ASR=0.089 TSmal=0.067 TSben=0.018 cos=0.060
  [norm s0] r100 clean=0.856 ASR=0.056 TSmal=0.245 TSben=0.151 cos=0.254
  [norm s0] r110 clean=0.873 ASR=0.111 TSmal=0.000 TSben=0.006 cos=-0.031
  [norm s0] r119 clean=0.842 ASR=0.179 TSmal=0.141 TSben=0.016 cos=0.151
fmnist|cpsub|norm|tau0.97|mf0.1|s0: final clean=0.842 ASR=0.179 (1120s)
  [norm s1] r00 clean=0.496 ASR=0.020 TSmal=0.446 TSben=0.472 cos=0.412
  [norm s1] r10 clean=0.810 ASR=0.022 TSmal=0.127 TSben=0.076 cos=0.159
  [norm s1] r20 clean=0.827 ASR=0.044 TSmal=0.104 TSben=0.033 cos=0.127
  [norm s1] r30 clean=0.852 ASR=0.034 TSmal=0.000 TSben=0.049 cos=-0.023
  [norm s1] r40 clean=0.863 ASR=0.053 TSmal=0.000 TSben=0.026 cos=-0.008
  [norm s1] r50 clean=0.867 ASR=0.025 TSmal=0.038 TSben=0.074 cos=0.058
  [norm s1] r60 clean=0.880 ASR=0.033 TSmal=0.002 TSben=0.041 cos=0.022
  [norm s1] r70 clean=0.883 ASR=0.035 TSmal=0.000 TSben=0.022 cos=-0.058
  [norm s1] r80 clean=0.860 ASR=0.040 TSmal=0.105 TSben=0.017 cos=0.109
  [norm s1] r90 clean=0.873 ASR=0.048 TSmal=0.000 TSben=0.009 cos=-0.011
  [norm s1] r100 clean=0.872 ASR=0.062 TSmal=0.077 TSben=0.014 cos=0.095
  [norm s1] r110 clean=0.861 ASR=0.023 TSmal=0.000 TSben=0.008 cos=-0.079
  [norm s1] r119 clean=0.873 ASR=0.057 TSmal=0.042 TSben=0.018 cos=0.064
fmnist|cpsub|norm|tau0.97|mf0.1|s1: final clean=0.873 ASR=0.057 (544s)
  [norm s2] r00 clean=0.571 ASR=0.003 TSmal=0.558 TSben=0.502 cos=0.486
  [norm s2] r10 clean=0.854 ASR=0.035 TSmal=0.022 TSben=0.067 cos=0.037
  [norm s2] r20 clean=0.868 ASR=0.033 TSmal=0.037 TSben=0.024 cos=0.056
  [norm s2] r30 clean=0.858 ASR=0.015 TSmal=0.056 TSben=0.023 cos=0.077
  [norm s2] r40 clean=0.886 ASR=0.028 TSmal=0.000 TSben=0.029 cos=-0.037
  [norm s2] r50 clean=0.894 ASR=0.027 TSmal=0.008 TSben=0.046 cos=0.049
  [norm s2] r60 clean=0.892 ASR=0.024 TSmal=0.000 TSben=0.017 cos=0.001
  [norm s2] r70 clean=0.894 ASR=0.026 TSmal=0.000 TSben=0.005 cos=-0.112
  [norm s2] r80 clean=0.890 ASR=0.036 TSmal=0.000 TSben=0.029 cos=0.012
  [norm s2] r90 clean=0.892 ASR=0.044 TSmal=0.017 TSben=0.009 cos=0.044
  [norm s2] r100 clean=0.889 ASR=0.049 TSmal=0.000 TSben=0.023 cos=-0.116
  [norm s2] r110 clean=0.895 ASR=0.048 TSmal=0.000 TSben=0.036 cos=-0.004
  [norm s2] r119 clean=0.889 ASR=0.073 TSmal=0.071 TSben=0.018 cos=0.072
fmnist|cpsub|norm|tau0.97|mf0.1|s2: final clean=0.889 ASR=0.073 (207s)

===== SUMMARY =====
fmnist cpsub norm  n=3 finalASR 0.103+-0.054 [0.179, 0.057, 0.073] succ(>=0.8)=0/3 | clean 0.868+-0.019
total 1871s
  [norm s0] r00 clean=0.480 ASR=0.003 TSmal=0.422 TSben=0.470 cos=0.409
  [norm s0] r10 clean=0.798 ASR=0.053 TSmal=0.343 TSben=0.175 cos=0.342
  [norm s0] r20 clean=0.788 ASR=0.099 TSmal=0.113 TSben=0.117 cos=0.139
  [norm s0] r30 clean=0.815 ASR=0.115 TSmal=0.142 TSben=0.151 cos=0.151
  [norm s0] r40 clean=0.830 ASR=0.125 TSmal=0.191 TSben=0.147 cos=0.206
  [norm s0] r50 clean=0.837 ASR=0.115 TSmal=0.247 TSben=0.165 cos=0.263
  [norm s0] r60 clean=0.834 ASR=0.128 TSmal=0.227 TSben=0.171 cos=0.226
  [norm s0] r70 clean=0.846 ASR=0.151 TSmal=0.306 TSben=0.197 cos=0.316
  [norm s0] r80 clean=0.865 ASR=0.105 TSmal=0.140 TSben=0.185 cos=0.123
  [norm s0] r90 clean=0.859 ASR=0.180 TSmal=0.227 TSben=0.162 cos=0.219
  [norm s0] r100 clean=0.852 ASR=0.149 TSmal=0.237 TSben=0.102 cos=0.221
  [norm s0] r110 clean=0.843 ASR=0.237 TSmal=0.319 TSben=0.163 cos=0.333
  [norm s0] r119 clean=0.843 ASR=0.494 TSmal=0.158 TSben=0.062 cos=0.170
fmnist|cpsub|norm|tau0.97|mf0.2|s0: final clean=0.843 ASR=0.494 (182s)
  [norm s1] r00 clean=0.493 ASR=0.015 TSmal=0.572 TSben=0.456 cos=0.552
  [norm s1] r10 clean=0.814 ASR=0.026 TSmal=0.307 TSben=0.303 cos=0.295
  [norm s1] r20 clean=0.831 ASR=0.051 TSmal=0.136 TSben=0.106 cos=0.151
  [norm s1] r30 clean=0.839 ASR=0.086 TSmal=0.171 TSben=0.132 cos=0.189
  [norm s1] r40 clean=0.848 ASR=0.138 TSmal=0.137 TSben=0.110 cos=0.165
  [norm s1] r50 clean=0.859 ASR=0.296 TSmal=0.159 TSben=0.107 cos=0.172
  [norm s1] r60 clean=0.857 ASR=0.392 TSmal=0.144 TSben=0.120 cos=0.125
  [norm s1] r70 clean=0.860 ASR=0.609 TSmal=0.166 TSben=0.110 cos=0.188
  [norm s1] r80 clean=0.860 ASR=0.662 TSmal=0.272 TSben=0.208 cos=0.278
  [norm s1] r90 clean=0.848 ASR=0.802 TSmal=0.196 TSben=0.172 cos=0.196
  [norm s1] r100 clean=0.855 ASR=0.833 TSmal=0.164 TSben=0.124 cos=0.166
  [norm s1] r110 clean=0.852 ASR=0.897 TSmal=0.220 TSben=0.157 cos=0.207
  [norm s1] r119 clean=0.872 ASR=0.920 TSmal=0.153 TSben=0.104 cos=0.171
fmnist|cpsub|norm|tau0.97|mf0.2|s1: final clean=0.872 ASR=0.920 (179s)
  [norm s2] r00 clean=0.495 ASR=0.006 TSmal=0.623 TSben=0.492 cos=0.564
  [norm s2] r10 clean=0.811 ASR=0.013 TSmal=0.167 TSben=0.115 cos=0.182
  [norm s2] r20 clean=0.832 ASR=0.084 TSmal=0.170 TSben=0.109 cos=0.185
  [norm s2] r30 clean=0.856 ASR=0.183 TSmal=0.156 TSben=0.130 cos=0.159
  [norm s2] r40 clean=0.866 ASR=0.247 TSmal=0.066 TSben=0.049 cos=0.070
  [norm s2] r50 clean=0.876 ASR=0.220 TSmal=0.117 TSben=0.119 cos=0.127
  [norm s2] r60 clean=0.888 ASR=0.217 TSmal=0.016 TSben=0.076 cos=0.012
  [norm s2] r70 clean=0.893 ASR=0.197 TSmal=0.034 TSben=0.065 cos=0.026
  [norm s2] r80 clean=0.894 ASR=0.247 TSmal=0.000 TSben=0.011 cos=-0.084
  [norm s2] r90 clean=0.894 ASR=0.268 TSmal=0.000 TSben=0.018 cos=-0.075
  [norm s2] r100 clean=0.894 ASR=0.301 TSmal=0.000 TSben=0.053 cos=-0.012
  [norm s2] r110 clean=0.893 ASR=0.245 TSmal=0.000 TSben=0.034 cos=-0.033
  [norm s2] r119 clean=0.892 ASR=0.454 TSmal=0.156 TSben=0.077 cos=0.153
fmnist|cpsub|norm|tau0.97|mf0.2|s2: final clean=0.892 ASR=0.454 (161s)

===== SUMMARY =====
fmnist cpsub norm  n=3 finalASR 0.623+-0.211 [0.494, 0.92, 0.454] succ(>=0.8)=1/3 | clean 0.869+-0.020
total 521s
  [norm s0] r00 clean=0.450 ASR=0.242 TSmal=0.450 TSben=0.417 cos=0.448
  [norm s0] r10 clean=0.743 ASR=0.096 TSmal=0.395 TSben=0.269 cos=0.395
  [norm s0] r20 clean=0.768 ASR=0.197 TSmal=0.460 TSben=0.273 cos=0.460
  [norm s0] r30 clean=0.801 ASR=0.250 TSmal=0.323 TSben=0.241 cos=0.334
  [norm s0] r40 clean=0.810 ASR=0.502 TSmal=0.317 TSben=0.286 cos=0.334
  [norm s0] r50 clean=0.818 ASR=0.575 TSmal=0.317 TSben=0.338 cos=0.282
  [norm s0] r60 clean=0.819 ASR=0.855 TSmal=0.361 TSben=0.266 cos=0.352
  [norm s0] r70 clean=0.814 ASR=0.961 TSmal=0.272 TSben=0.222 cos=0.243
  [norm s0] r80 clean=0.835 ASR=0.960 TSmal=0.198 TSben=0.192 cos=0.212
  [norm s0] r90 clean=0.837 ASR=0.973 TSmal=0.246 TSben=0.196 cos=0.216
  [norm s0] r100 clean=0.848 ASR=0.978 TSmal=0.174 TSben=0.173 cos=0.167
  [norm s0] r110 clean=0.850 ASR=0.988 TSmal=0.071 TSben=0.114 cos=0.080
  [norm s0] r119 clean=0.835 ASR=0.986 TSmal=0.229 TSben=0.252 cos=0.210
fmnist|cpsub|norm|tau0.97|mf0.3|s0: final clean=0.835 ASR=0.986 (177s)
  [norm s1] r00 clean=0.498 ASR=0.014 TSmal=0.475 TSben=0.459 cos=0.455
  [norm s1] r10 clean=0.741 ASR=0.145 TSmal=0.285 TSben=0.223 cos=0.297
  [norm s1] r20 clean=0.787 ASR=0.200 TSmal=0.226 TSben=0.172 cos=0.209
  [norm s1] r30 clean=0.814 ASR=0.483 TSmal=0.214 TSben=0.200 cos=0.212
  [norm s1] r40 clean=0.829 ASR=0.796 TSmal=0.232 TSben=0.132 cos=0.248
  [norm s1] r50 clean=0.828 ASR=0.940 TSmal=0.391 TSben=0.273 cos=0.372
  [norm s1] r60 clean=0.819 ASR=0.955 TSmal=0.316 TSben=0.239 cos=0.305
  [norm s1] r70 clean=0.827 ASR=0.956 TSmal=0.155 TSben=0.114 cos=0.142
  [norm s1] r80 clean=0.829 ASR=0.990 TSmal=0.407 TSben=0.211 cos=0.380
  [norm s1] r90 clean=0.842 ASR=0.968 TSmal=0.318 TSben=0.217 cos=0.306
  [norm s1] r100 clean=0.833 ASR=0.989 TSmal=0.316 TSben=0.180 cos=0.327
  [norm s1] r110 clean=0.833 ASR=0.988 TSmal=0.119 TSben=0.111 cos=0.099
  [norm s1] r119 clean=0.845 ASR=0.995 TSmal=0.284 TSben=0.222 cos=0.244
fmnist|cpsub|norm|tau0.97|mf0.3|s1: final clean=0.845 ASR=0.995 (155s)
  [norm s2] r00 clean=0.362 ASR=0.000 TSmal=0.613 TSben=0.504 cos=0.566
  [norm s2] r10 clean=0.793 ASR=0.097 TSmal=0.268 TSben=0.213 cos=0.283
  [norm s2] r20 clean=0.840 ASR=0.195 TSmal=0.409 TSben=0.224 cos=0.429
  [norm s2] r30 clean=0.836 ASR=0.348 TSmal=0.210 TSben=0.164 cos=0.218
  [norm s2] r40 clean=0.850 ASR=0.459 TSmal=0.117 TSben=0.135 cos=0.124
  [norm s2] r50 clean=0.860 ASR=0.733 TSmal=0.216 TSben=0.166 cos=0.214
  [norm s2] r60 clean=0.858 ASR=0.869 TSmal=0.250 TSben=0.174 cos=0.233
  [norm s2] r70 clean=0.834 ASR=0.895 TSmal=0.303 TSben=0.183 cos=0.297
  [norm s2] r80 clean=0.844 ASR=0.938 TSmal=0.164 TSben=0.120 cos=0.170
  [norm s2] r90 clean=0.842 ASR=0.907 TSmal=0.077 TSben=0.146 cos=0.075
  [norm s2] r100 clean=0.829 ASR=0.932 TSmal=0.257 TSben=0.173 cos=0.231
  [norm s2] r110 clean=0.854 ASR=0.941 TSmal=0.189 TSben=0.166 cos=0.178
  [norm s2] r119 clean=0.878 ASR=0.966 TSmal=0.192 TSben=0.159 cos=0.196
fmnist|cpsub|norm|tau0.97|mf0.3|s2: final clean=0.878 ASR=0.966 (168s)

===== SUMMARY =====
fmnist cpsub norm  n=3 finalASR 0.982+-0.012 [0.986, 0.995, 0.966] succ(>=0.8)=3/3 | clean 0.853+-0.018
total 499s
