  [norm s3] r00 clean=0.618 ASR=0.092 TSmal=0.527 TSben=0.569 cos=0.512
  [norm s3] r10 clean=0.835 ASR=0.025 TSmal=0.000 TSben=0.027 cos=0.172
  [norm s3] r20 clean=0.844 ASR=0.020 TSmal=0.000 TSben=0.024 cos=0.071
  [norm s3] r30 clean=0.859 ASR=0.013 TSmal=0.000 TSben=0.073 cos=0.123
  [norm s3] r40 clean=0.855 ASR=0.010 TSmal=0.000 TSben=0.015 cos=0.031
  [norm s3] r50 clean=0.879 ASR=0.027 TSmal=0.000 TSben=0.025 cos=-0.016
  [norm s3] r60 clean=0.875 ASR=0.015 TSmal=0.000 TSben=0.025 cos=-0.017
  [norm s3] r70 clean=0.875 ASR=0.031 TSmal=0.000 TSben=0.006 cos=-0.093
  [norm s3] r80 clean=0.861 ASR=0.017 TSmal=0.000 TSben=0.001 cos=0.026
  [norm s3] r90 clean=0.869 ASR=0.032 TSmal=0.000 TSben=0.004 cos=-0.021
  [norm s3] r100 clean=0.879 ASR=0.018 TSmal=0.049 TSben=0.097 cos=0.178
  [norm s3] r110 clean=0.869 ASR=0.019 TSmal=0.000 TSben=0.022 cos=-0.096
  [norm s3] r119 clean=0.861 ASR=0.022 TSmal=0.000 TSben=0.003 cos=-0.105
fmnist|cpsub|norm|tau0.7|mf0.1|s3: final clean=0.861 ASR=0.022 (179s)
  [norm s4] r00 clean=0.548 ASR=0.071 TSmal=0.554 TSben=0.499 cos=0.563
  [norm s4] r10 clean=0.840 ASR=0.090 TSmal=0.009 TSben=0.049 cos=0.005
  [norm s4] r20 clean=0.863 ASR=0.130 TSmal=0.000 TSben=0.048 cos=-0.047
  [norm s4] r30 clean=0.869 ASR=0.085 TSmal=0.000 TSben=0.012 cos=-0.117
  [norm s4] r40 clean=0.876 ASR=0.191 TSmal=0.000 TSben=0.018 cos=-0.091
  [norm s4] r50 clean=0.870 ASR=0.305 TSmal=0.063 TSben=0.021 cos=0.089
  [norm s4] r60 clean=0.880 ASR=0.211 TSmal=0.000 TSben=0.046 cos=-0.041
  [norm s4] r70 clean=0.870 ASR=0.189 TSmal=0.000 TSben=0.003 cos=-0.096
  [norm s4] r80 clean=0.868 ASR=0.164 TSmal=0.000 TSben=0.018 cos=-0.061
  [norm s4] r90 clean=0.878 ASR=0.177 TSmal=0.009 TSben=0.035 cos=-0.053
  [norm s4] r100 clean=0.865 ASR=0.330 TSmal=0.000 TSben=0.015 cos=0.003
  [norm s4] r110 clean=0.875 ASR=0.701 TSmal=0.052 TSben=0.010 cos=0.027
  [norm s4] r119 clean=0.881 ASR=0.713 TSmal=0.000 TSben=0.026 cos=-0.003
fmnist|cpsub|norm|tau0.7|mf0.1|s4: final clean=0.881 ASR=0.713 (182s)

===== SUMMARY =====
fmnist cpsub norm  n=2 finalASR 0.368+-0.346 [0.022, 0.713] succ(>=0.8)=0/2 | clean 0.871+-0.010
total 361s
  [norm s3] r00 clean=0.634 ASR=0.114 TSmal=0.472 TSben=0.511 cos=0.550
  [norm s3] r10 clean=0.828 ASR=0.036 TSmal=0.011 TSben=0.027 cos=0.131
  [norm s3] r20 clean=0.858 ASR=0.026 TSmal=0.000 TSben=0.018 cos=-0.019
  [norm s3] r30 clean=0.870 ASR=0.042 TSmal=0.000 TSben=0.023 cos=0.059
  [norm s3] r40 clean=0.874 ASR=0.033 TSmal=0.000 TSben=0.138 cos=0.170
  [norm s3] r50 clean=0.879 ASR=0.035 TSmal=0.000 TSben=0.082 cos=-0.114
  [norm s3] r60 clean=0.874 ASR=0.030 TSmal=0.000 TSben=0.044 cos=0.086
  [norm s3] r70 clean=0.877 ASR=0.042 TSmal=0.000 TSben=0.005 cos=-0.043
  [norm s3] r80 clean=0.877 ASR=0.031 TSmal=0.000 TSben=0.012 cos=0.064
  [norm s3] r90 clean=0.881 ASR=0.025 TSmal=0.000 TSben=0.011 cos=0.025
  [norm s3] r100 clean=0.873 ASR=0.030 TSmal=0.000 TSben=0.004 cos=-0.244
  [norm s3] r110 clean=0.878 ASR=0.026 TSmal=0.000 TSben=0.000 cos=-0.251
  [norm s3] r119 clean=0.884 ASR=0.028 TSmal=0.000 TSben=0.059 cos=0.060
fmnist|cpsub|norm|tau0.7|mf0.2|s3: final clean=0.884 ASR=0.028 (183s)
  [norm s4] r00 clean=0.551 ASR=0.029 TSmal=0.472 TSben=0.491 cos=0.386
  [norm s4] r10 clean=0.836 ASR=0.486 TSmal=0.330 TSben=0.236 cos=0.367
  [norm s4] r20 clean=0.825 ASR=0.970 TSmal=0.273 TSben=0.117 cos=0.279
  [norm s4] r30 clean=0.861 ASR=0.989 TSmal=0.190 TSben=0.075 cos=0.176
  [norm s4] r40 clean=0.857 ASR=0.992 TSmal=0.207 TSben=0.068 cos=0.147
  [norm s4] r50 clean=0.853 ASR=0.995 TSmal=0.390 TSben=0.224 cos=0.321
  [norm s4] r60 clean=0.837 ASR=0.992 TSmal=0.160 TSben=0.129 cos=0.125
  [norm s4] r70 clean=0.854 ASR=0.993 TSmal=0.143 TSben=0.038 cos=0.009
  [norm s4] r80 clean=0.878 ASR=0.987 TSmal=0.007 TSben=0.056 cos=-0.039
  [norm s4] r90 clean=0.872 ASR=0.995 TSmal=0.135 TSben=0.037 cos=0.079
  [norm s4] r100 clean=0.863 ASR=0.999 TSmal=0.191 TSben=0.103 cos=0.231
  [norm s4] r110 clean=0.856 ASR=0.996 TSmal=0.140 TSben=0.098 cos=0.147
  [norm s4] r119 clean=0.877 ASR=0.998 TSmal=0.154 TSben=0.099 cos=0.156
fmnist|cpsub|norm|tau0.7|mf0.2|s4: final clean=0.877 ASR=0.998 (173s)

===== SUMMARY =====
fmnist cpsub norm  n=2 finalASR 0.513+-0.485 [0.028, 0.998] succ(>=0.8)=1/2 | clean 0.880+-0.003
total 356s
