  [norm s0] r00 clean=0.186 ASR=0.001 TSmal=0.476 TSben=0.477 cos=nan
  [norm s0] r10 clean=0.348 ASR=0.064 TSmal=0.077 TSben=0.140 cos=nan
  [norm s0] r20 clean=0.393 ASR=0.076 TSmal=0.134 TSben=0.144 cos=nan
  [norm s0] r30 clean=0.426 ASR=0.060 TSmal=0.059 TSben=0.080 cos=nan
  [norm s0] r40 clean=0.491 ASR=0.062 TSmal=0.041 TSben=0.044 cos=nan
  [norm s0] r50 clean=0.522 ASR=0.067 TSmal=0.048 TSben=0.042 cos=nan
  [norm s0] r60 clean=0.523 ASR=0.047 TSmal=0.011 TSben=0.014 cos=nan
  [norm s0] r70 clean=0.544 ASR=0.043 TSmal=0.013 TSben=0.013 cos=nan
  [norm s0] r80 clean=0.544 ASR=0.060 TSmal=0.015 TSben=0.024 cos=nan
  [norm s0] r90 clean=0.529 ASR=0.063 TSmal=0.000 TSben=0.015 cos=nan
  [norm s0] r100 clean=0.541 ASR=0.034 TSmal=0.003 TSben=0.017 cos=nan
  [norm s0] r110 clean=0.560 ASR=0.068 TSmal=0.001 TSben=0.010 cos=nan
  [norm s0] r119 clean=0.522 ASR=0.033 TSmal=0.000 TSben=0.009 cos=nan
cifar|none|norm|tau0.97|mf0.3|s0: final clean=0.522 ASR=0.033 (2400s)
  [norm s1] r00 clean=0.190 ASR=0.000 TSmal=0.476 TSben=0.483 cos=nan
  [norm s1] r10 clean=0.348 ASR=0.037 TSmal=0.063 TSben=0.059 cos=nan
  [norm s1] r20 clean=0.412 ASR=0.042 TSmal=0.058 TSben=0.063 cos=nan
  [norm s1] r30 clean=0.477 ASR=0.035 TSmal=0.055 TSben=0.052 cos=nan
  [norm s1] r40 clean=0.482 ASR=0.085 TSmal=0.032 TSben=0.037 cos=nan
  [norm s1] r50 clean=0.496 ASR=0.048 TSmal=0.027 TSben=0.016 cos=nan
  [norm s1] r60 clean=0.514 ASR=0.026 TSmal=0.061 TSben=0.038 cos=nan
  [norm s1] r70 clean=0.511 ASR=0.025 TSmal=0.035 TSben=0.025 cos=nan
  [norm s1] r80 clean=0.512 ASR=0.056 TSmal=0.074 TSben=0.035 cos=nan
  [norm s1] r90 clean=0.529 ASR=0.017 TSmal=0.083 TSben=0.024 cos=nan
  [norm s1] r100 clean=0.533 ASR=0.032 TSmal=0.070 TSben=0.056 cos=nan
  [norm s1] r110 clean=0.532 ASR=0.042 TSmal=0.072 TSben=0.040 cos=nan
  [norm s1] r119 clean=0.523 ASR=0.014 TSmal=0.029 TSben=0.006 cos=nan
cifar|none|norm|tau0.97|mf0.3|s1: final clean=0.523 ASR=0.014 (1671s)
  [norm s2] r00 clean=0.177 ASR=0.005 TSmal=0.536 TSben=0.546 cos=nan
  [norm s2] r10 clean=0.334 ASR=0.060 TSmal=0.069 TSben=0.078 cos=nan
  [norm s2] r20 clean=0.403 ASR=0.101 TSmal=0.056 TSben=0.067 cos=nan
  [norm s2] r30 clean=0.477 ASR=0.054 TSmal=0.072 TSben=0.068 cos=nan
  [norm s2] r40 clean=0.524 ASR=0.057 TSmal=0.041 TSben=0.037 cos=nan
  [norm s2] r50 clean=0.527 ASR=0.035 TSmal=0.026 TSben=0.035 cos=nan
  [norm s2] r60 clean=0.541 ASR=0.047 TSmal=0.050 TSben=0.034 cos=nan
  [norm s2] r70 clean=0.556 ASR=0.034 TSmal=0.011 TSben=0.008 cos=nan
  [norm s2] r80 clean=0.562 ASR=0.034 TSmal=0.028 TSben=0.016 cos=nan
  [norm s2] r90 clean=0.577 ASR=0.044 TSmal=0.025 TSben=0.019 cos=nan
  [norm s2] r100 clean=0.589 ASR=0.052 TSmal=0.005 TSben=0.010 cos=nan
  [norm s2] r110 clean=0.576 ASR=0.030 TSmal=0.012 TSben=0.014 cos=nan
  [norm s2] r119 clean=0.584 ASR=0.049 TSmal=0.007 TSben=0.006 cos=nan
cifar|none|norm|tau0.97|mf0.3|s2: final clean=0.584 ASR=0.049 (1467s)

===== SUMMARY =====
cifar none norm  n=3 finalASR 0.032+-0.014 [0.033, 0.014, 0.049] succ(>=0.8)=0/3 | clean 0.543+-0.029
total 5538s
  [norm s0] r00 clean=0.199 ASR=0.351 TSmal=0.577 TSben=0.498 cos=0.475
  [norm s0] r10 clean=0.258 ASR=0.022 TSmal=0.065 TSben=0.068 cos=0.076
  [norm s0] r20 clean=0.346 ASR=0.021 TSmal=0.104 TSben=0.199 cos=0.274
  [norm s0] r30 clean=0.341 ASR=0.013 TSmal=0.169 TSben=0.174 cos=0.164
  [norm s0] r40 clean=0.382 ASR=0.631 TSmal=0.227 TSben=0.157 cos=0.247
  [norm s0] r50 clean=0.401 ASR=0.797 TSmal=0.256 TSben=0.187 cos=0.304
  [norm s0] r60 clean=0.433 ASR=0.907 TSmal=0.205 TSben=0.216 cos=0.228
  [norm s0] r70 clean=0.434 ASR=0.891 TSmal=0.300 TSben=0.221 cos=0.249
  [norm s0] r80 clean=0.446 ASR=0.674 TSmal=0.124 TSben=0.147 cos=0.138
  [norm s0] r90 clean=0.454 ASR=0.916 TSmal=0.120 TSben=0.117 cos=0.101
  [norm s0] r100 clean=0.480 ASR=0.928 TSmal=0.106 TSben=0.114 cos=0.098
  [norm s0] r110 clean=0.504 ASR=0.914 TSmal=0.061 TSben=0.089 cos=0.098
  [norm s0] r119 clean=0.510 ASR=0.928 TSmal=0.097 TSben=0.122 cos=0.136
cifar|cpsub|norm|tau0.7|mf0.3|s0: final clean=0.510 ASR=0.928 (1159s)
  [norm s1] r00 clean=0.205 ASR=0.002 TSmal=0.442 TSben=0.455 cos=0.309
  [norm s1] r10 clean=0.307 ASR=0.272 TSmal=0.154 TSben=0.179 cos=0.186
  [norm s1] r20 clean=0.349 ASR=0.874 TSmal=0.220 TSben=0.182 cos=0.211
  [norm s1] r30 clean=0.372 ASR=0.955 TSmal=0.253 TSben=0.220 cos=0.247
  [norm s1] r40 clean=0.421 ASR=0.873 TSmal=0.242 TSben=0.207 cos=0.298
  [norm s1] r50 clean=0.417 ASR=0.668 TSmal=0.236 TSben=0.183 cos=0.306
  [norm s1] r60 clean=0.418 ASR=0.852 TSmal=0.149 TSben=0.150 cos=0.157
  [norm s1] r70 clean=0.457 ASR=0.900 TSmal=0.156 TSben=0.136 cos=0.199
  [norm s1] r80 clean=0.462 ASR=0.907 TSmal=0.144 TSben=0.146 cos=0.165
  [norm s1] r90 clean=0.441 ASR=0.916 TSmal=0.133 TSben=0.089 cos=0.167
  [norm s1] r100 clean=0.431 ASR=0.905 TSmal=0.196 TSben=0.143 cos=0.200
  [norm s1] r110 clean=0.423 ASR=0.907 TSmal=0.110 TSben=0.081 cos=0.226
  [norm s1] r119 clean=0.493 ASR=0.914 TSmal=0.231 TSben=0.231 cos=0.276
cifar|cpsub|norm|tau0.7|mf0.3|s1: final clean=0.493 ASR=0.914 (1141s)
  [norm s2] r00 clean=0.155 ASR=0.613 TSmal=0.582 TSben=0.551 cos=0.606
  [norm s2] r10 clean=0.284 ASR=0.035 TSmal=0.087 TSben=0.246 cos=0.169
  [norm s2] r20 clean=0.392 ASR=0.167 TSmal=0.103 TSben=0.101 cos=0.156
  [norm s2] r30 clean=0.385 ASR=0.510 TSmal=0.096 TSben=0.085 cos=0.119
  [norm s2] r40 clean=0.400 ASR=0.924 TSmal=0.153 TSben=0.145 cos=0.212
  [norm s2] r50 clean=0.405 ASR=0.922 TSmal=0.185 TSben=0.125 cos=0.187
  [norm s2] r60 clean=0.492 ASR=0.943 TSmal=0.094 TSben=0.085 cos=0.091
  [norm s2] r70 clean=0.508 ASR=0.942 TSmal=0.078 TSben=0.120 cos=0.115
  [norm s2] r80 clean=0.497 ASR=0.912 TSmal=0.141 TSben=0.121 cos=0.135
  [norm s2] r90 clean=0.516 ASR=0.936 TSmal=0.175 TSben=0.149 cos=0.214
  [norm s2] r100 clean=0.509 ASR=0.956 TSmal=0.199 TSben=0.139 cos=0.145
  [norm s2] r110 clean=0.535 ASR=0.922 TSmal=0.186 TSben=0.165 cos=0.207
  [norm s2] r119 clean=0.500 ASR=0.953 TSmal=0.167 TSben=0.105 cos=0.185
cifar|cpsub|norm|tau0.7|mf0.3|s2: final clean=0.500 ASR=0.953 (1177s)

===== SUMMARY =====
cifar cpsub norm  n=3 finalASR 0.932+-0.016 [0.928, 0.914, 0.953] succ(>=0.8)=3/3 | clean 0.501+-0.007
total 3477s
  [norm s0] r00 clean=0.189 ASR=0.003 TSmal=0.544 TSben=0.498 cos=0.475
  [norm s0] r10 clean=0.219 ASR=0.079 TSmal=0.102 TSben=0.081 cos=0.080
  [norm s0] r20 clean=0.275 ASR=0.014 TSmal=0.282 TSben=0.286 cos=0.305
  [norm s0] r30 clean=0.284 ASR=0.021 TSmal=0.213 TSben=0.224 cos=0.225
  [norm s0] r40 clean=0.304 ASR=0.066 TSmal=0.365 TSben=0.191 cos=0.379
  [norm s0] r50 clean=0.373 ASR=0.116 TSmal=0.320 TSben=0.212 cos=0.311
  [norm s0] r60 clean=0.364 ASR=0.071 TSmal=0.245 TSben=0.174 cos=0.239
  [norm s0] r70 clean=0.331 ASR=0.061 TSmal=0.265 TSben=0.114 cos=0.266
  [norm s0] r80 clean=0.414 ASR=0.275 TSmal=0.218 TSben=0.206 cos=0.217
  [norm s0] r90 clean=0.405 ASR=0.391 TSmal=0.149 TSben=0.085 cos=0.150
  [norm s0] r100 clean=0.414 ASR=0.566 TSmal=0.247 TSben=0.156 cos=0.241
  [norm s0] r110 clean=0.419 ASR=0.752 TSmal=0.200 TSben=0.102 cos=0.204
  [norm s0] r119 clean=0.439 ASR=0.785 TSmal=0.174 TSben=0.124 cos=0.182
cifar|cpsub|norm|tau0.97|mf0.3|s0: final clean=0.439 ASR=0.785 (699s)
  [norm s1] r00 clean=0.208 ASR=0.000 TSmal=0.376 TSben=0.455 cos=0.309
  [norm s1] r10 clean=0.291 ASR=0.250 TSmal=0.089 TSben=0.200 cos=0.125
  [norm s1] r20 clean=0.291 ASR=0.748 TSmal=0.171 TSben=0.130 cos=0.193
  [norm s1] r30 clean=0.340 ASR=0.866 TSmal=0.177 TSben=0.148 cos=0.164
  [norm s1] r40 clean=0.371 ASR=0.549 TSmal=0.112 TSben=0.074 cos=0.113
  [norm s1] r50 clean=0.430 ASR=0.751 TSmal=0.146 TSben=0.152 cos=0.139
  [norm s1] r60 clean=0.420 ASR=0.742 TSmal=0.110 TSben=0.105 cos=0.118
  [norm s1] r70 clean=0.405 ASR=0.637 TSmal=0.117 TSben=0.077 cos=0.150
  [norm s1] r80 clean=0.458 ASR=0.689 TSmal=0.137 TSben=0.198 cos=0.122
  [norm s1] r90 clean=0.411 ASR=0.639 TSmal=0.266 TSben=0.145 cos=0.274
  [norm s1] r100 clean=0.451 ASR=0.690 TSmal=0.112 TSben=0.145 cos=0.114
  [norm s1] r110 clean=0.416 ASR=0.340 TSmal=0.354 TSben=0.249 cos=0.368
  [norm s1] r119 clean=0.417 ASR=0.837 TSmal=0.169 TSben=0.102 cos=0.177
cifar|cpsub|norm|tau0.97|mf0.3|s1: final clean=0.417 ASR=0.837 (322s)
  [norm s2] r00 clean=0.188 ASR=0.301 TSmal=0.642 TSben=0.551 cos=0.606
  [norm s2] r10 clean=0.235 ASR=0.045 TSmal=0.253 TSben=0.201 cos=0.260
  [norm s2] r20 clean=0.369 ASR=0.083 TSmal=0.301 TSben=0.194 cos=0.313
  [norm s2] r30 clean=0.353 ASR=0.013 TSmal=0.175 TSben=0.160 cos=0.177
  [norm s2] r40 clean=0.380 ASR=0.031 TSmal=0.224 TSben=0.172 cos=0.223
  [norm s2] r50 clean=0.416 ASR=0.202 TSmal=0.280 TSben=0.188 cos=0.284
  [norm s2] r60 clean=0.444 ASR=0.539 TSmal=0.296 TSben=0.243 cos=0.280
  [norm s2] r70 clean=0.449 ASR=0.704 TSmal=0.344 TSben=0.267 cos=0.342
  [norm s2] r80 clean=0.404 ASR=0.804 TSmal=0.390 TSben=0.261 cos=0.387
  [norm s2] r90 clean=0.451 ASR=0.852 TSmal=0.354 TSben=0.232 cos=0.351
  [norm s2] r100 clean=0.465 ASR=0.950 TSmal=0.235 TSben=0.159 cos=0.236
  [norm s2] r110 clean=0.490 ASR=0.873 TSmal=0.285 TSben=0.204 cos=0.287
  [norm s2] r119 clean=0.499 ASR=0.870 TSmal=0.156 TSben=0.129 cos=0.153
cifar|cpsub|norm|tau0.97|mf0.3|s2: final clean=0.499 ASR=0.870 (302s)

===== SUMMARY =====
cifar cpsub norm  n=3 finalASR 0.831+-0.035 [0.785, 0.837, 0.87] succ(>=0.8)=2/3 | clean 0.452+-0.034
total 1323s
