  [norm s0] r00 clean=0.450 ASR=0.242 TSmal=0.450 TSben=0.417 cos=0.448
  [norm s0] r10 clean=0.745 ASR=0.096 TSmal=0.393 TSben=0.270 cos=0.394
  [norm s0] r20 clean=0.757 ASR=0.212 TSmal=0.466 TSben=0.275 cos=0.464
  [norm s0] r30 clean=0.799 ASR=0.245 TSmal=0.309 TSben=0.230 cos=0.316
  [norm s0] r40 clean=0.807 ASR=0.497 TSmal=0.303 TSben=0.296 cos=0.325
  [norm s0] r50 clean=0.815 ASR=0.587 TSmal=0.276 TSben=0.305 cos=0.240
  [norm s0] r60 clean=0.825 ASR=0.885 TSmal=0.233 TSben=0.180 cos=0.225
  [norm s0] r70 clean=0.795 ASR=0.934 TSmal=0.257 TSben=0.206 cos=0.218
  [norm s0] r80 clean=0.840 ASR=0.965 TSmal=0.314 TSben=0.186 cos=0.334
  [norm s0] r90 clean=0.822 ASR=0.966 TSmal=0.315 TSben=0.255 cos=0.278
  [norm s0] r100 clean=0.826 ASR=0.981 TSmal=0.193 TSben=0.177 cos=0.186
  [norm s0] r110 clean=0.803 ASR=0.994 TSmal=0.113 TSben=0.114 cos=0.116
  [norm s0] r119 clean=0.846 ASR=0.988 TSmal=0.222 TSben=0.226 cos=0.215
cpsub|norm|s0: final clean=0.846 ASR=0.988 (144s)
  [norm s1] r00 clean=0.498 ASR=0.014 TSmal=0.475 TSben=0.459 cos=0.455
  [norm s1] r10 clean=0.740 ASR=0.154 TSmal=0.286 TSben=0.220 cos=0.297
  [norm s1] r20 clean=0.786 ASR=0.222 TSmal=0.212 TSben=0.163 cos=0.198
  [norm s1] r30 clean=0.818 ASR=0.541 TSmal=0.281 TSben=0.242 cos=0.276
  [norm s1] r40 clean=0.826 ASR=0.795 TSmal=0.231 TSben=0.131 cos=0.240
  [norm s1] r50 clean=0.824 ASR=0.941 TSmal=0.372 TSben=0.279 cos=0.354
  [norm s1] r60 clean=0.825 ASR=0.944 TSmal=0.317 TSben=0.246 cos=0.304
  [norm s1] r70 clean=0.829 ASR=0.963 TSmal=0.192 TSben=0.115 cos=0.182
  [norm s1] r80 clean=0.847 ASR=0.980 TSmal=0.312 TSben=0.174 cos=0.277
  [norm s1] r90 clean=0.848 ASR=0.947 TSmal=0.333 TSben=0.218 cos=0.333
  [norm s1] r100 clean=0.845 ASR=0.967 TSmal=0.225 TSben=0.149 cos=0.252
  [norm s1] r110 clean=0.832 ASR=0.969 TSmal=0.231 TSben=0.179 cos=0.212
  [norm s1] r119 clean=0.851 ASR=0.993 TSmal=0.417 TSben=0.276 cos=0.376
cpsub|norm|s1: final clean=0.851 ASR=0.993 (148s)
  [norm s2] r00 clean=0.365 ASR=0.000 TSmal=0.613 TSben=0.504 cos=0.566
  [norm s2] r10 clean=0.794 ASR=0.098 TSmal=0.266 TSben=0.215 cos=0.280
  [norm s2] r20 clean=0.839 ASR=0.186 TSmal=0.390 TSben=0.212 cos=0.406
  [norm s2] r30 clean=0.839 ASR=0.327 TSmal=0.200 TSben=0.172 cos=0.208
  [norm s2] r40 clean=0.854 ASR=0.412 TSmal=0.103 TSben=0.154 cos=0.104
  [norm s2] r50 clean=0.854 ASR=0.757 TSmal=0.199 TSben=0.167 cos=0.196
  [norm s2] r60 clean=0.841 ASR=0.882 TSmal=0.327 TSben=0.206 cos=0.320
  [norm s2] r70 clean=0.833 ASR=0.894 TSmal=0.295 TSben=0.178 cos=0.285
  [norm s2] r80 clean=0.840 ASR=0.930 TSmal=0.156 TSben=0.125 cos=0.158
  [norm s2] r90 clean=0.828 ASR=0.916 TSmal=0.120 TSben=0.151 cos=0.115
  [norm s2] r100 clean=0.834 ASR=0.919 TSmal=0.251 TSben=0.203 cos=0.239
  [norm s2] r110 clean=0.858 ASR=0.941 TSmal=0.231 TSben=0.193 cos=0.214
  [norm s2] r119 clean=0.877 ASR=0.972 TSmal=0.209 TSben=0.158 cos=0.220
cpsub|norm|s2: final clean=0.877 ASR=0.972 (161s)
  [norm s3] r00 clean=0.620 ASR=0.029 TSmal=0.511 TSben=0.543 cos=0.493
  [norm s3] r10 clean=0.775 ASR=0.027 TSmal=0.230 TSben=0.134 cos=0.278
  [norm s3] r20 clean=0.816 ASR=0.074 TSmal=0.342 TSben=0.222 cos=0.355
  [norm s3] r30 clean=0.842 ASR=0.719 TSmal=0.238 TSben=0.134 cos=0.253
  [norm s3] r40 clean=0.824 ASR=0.936 TSmal=0.192 TSben=0.097 cos=0.185
  [norm s3] r50 clean=0.870 ASR=0.950 TSmal=0.255 TSben=0.213 cos=0.243
  [norm s3] r60 clean=0.863 ASR=0.984 TSmal=0.264 TSben=0.197 cos=0.256
  [norm s3] r70 clean=0.866 ASR=0.988 TSmal=0.319 TSben=0.145 cos=0.310
  [norm s3] r80 clean=0.885 ASR=0.991 TSmal=0.009 TSben=0.024 cos=0.005
  [norm s3] r90 clean=0.875 ASR=0.990 TSmal=0.053 TSben=0.046 cos=0.035
  [norm s3] r100 clean=0.856 ASR=0.991 TSmal=0.290 TSben=0.142 cos=0.295
  [norm s3] r110 clean=0.872 ASR=0.995 TSmal=0.272 TSben=0.183 cos=0.256
  [norm s3] r119 clean=0.867 ASR=0.996 TSmal=0.139 TSben=0.092 cos=0.121
cpsub|norm|s3: final clean=0.867 ASR=0.996 (283s)
  [norm s4] r00 clean=0.552 ASR=0.071 TSmal=0.589 TSben=0.528 cos=0.548
  [norm s4] r10 clean=0.794 ASR=0.246 TSmal=0.250 TSben=0.099 cos=0.282
  [norm s4] r20 clean=0.778 ASR=0.261 TSmal=0.332 TSben=0.232 cos=0.328
  [norm s4] r30 clean=0.823 ASR=0.387 TSmal=0.304 TSben=0.183 cos=0.320
  [norm s4] r40 clean=0.839 ASR=0.601 TSmal=0.159 TSben=0.101 cos=0.151
  [norm s4] r50 clean=0.833 ASR=0.756 TSmal=0.279 TSben=0.117 cos=0.277
  [norm s4] r60 clean=0.845 ASR=0.806 TSmal=0.176 TSben=0.133 cos=0.175
  [norm s4] r70 clean=0.815 ASR=0.893 TSmal=0.278 TSben=0.176 cos=0.277
  [norm s4] r80 clean=0.829 ASR=0.971 TSmal=0.367 TSben=0.198 cos=0.374
  [norm s4] r90 clean=0.852 ASR=0.975 TSmal=0.304 TSben=0.195 cos=0.280
  [norm s4] r100 clean=0.862 ASR=0.981 TSmal=0.202 TSben=0.166 cos=0.194
  [norm s4] r110 clean=0.841 ASR=0.994 TSmal=0.263 TSben=0.102 cos=0.257
  [norm s4] r119 clean=0.865 ASR=0.960 TSmal=0.317 TSben=0.236 cos=0.303
cpsub|norm|s4: final clean=0.865 ASR=0.960 (240s)
  [clip s0] r00 clean=0.451 ASR=0.242 TSmal=0.450 TSben=0.417 cos=0.448
  [clip s0] r10 clean=0.724 ASR=0.097 TSmal=0.261 TSben=0.136 cos=0.259
  [clip s0] r20 clean=0.793 ASR=0.171 TSmal=0.278 TSben=0.130 cos=0.279
  [clip s0] r30 clean=0.780 ASR=0.281 TSmal=0.274 TSben=0.109 cos=0.258
  [clip s0] r40 clean=0.802 ASR=0.815 TSmal=0.289 TSben=0.227 cos=0.276
  [clip s0] r50 clean=0.837 ASR=0.959 TSmal=0.173 TSben=0.212 cos=0.133
  [clip s0] r60 clean=0.815 ASR=0.992 TSmal=0.251 TSben=0.126 cos=0.228
  [clip s0] r70 clean=0.826 ASR=0.997 TSmal=0.194 TSben=0.157 cos=0.153
  [clip s0] r80 clean=0.832 ASR=0.990 TSmal=0.234 TSben=0.179 cos=0.240
  [clip s0] r90 clean=0.822 ASR=0.988 TSmal=0.196 TSben=0.168 cos=0.150
  [clip s0] r100 clean=0.845 ASR=0.989 TSmal=0.108 TSben=0.120 cos=0.116
  [clip s0] r110 clean=0.806 ASR=0.998 TSmal=0.072 TSben=0.031 cos=0.082
  [clip s0] r119 clean=0.842 ASR=0.998 TSmal=0.215 TSben=0.129 cos=0.189
cpsub|clip|s0: final clean=0.842 ASR=0.998 (389s)
  [clip s1] r00 clean=0.498 ASR=0.014 TSmal=0.475 TSben=0.459 cos=0.455
  [clip s1] r10 clean=0.737 ASR=0.176 TSmal=0.264 TSben=0.145 cos=0.273
  [clip s1] r20 clean=0.812 ASR=0.217 TSmal=0.065 TSben=0.082 cos=0.059
  [clip s1] r30 clean=0.800 ASR=0.556 TSmal=0.101 TSben=0.060 cos=0.082
  [clip s1] r40 clean=0.801 ASR=0.815 TSmal=0.215 TSben=0.104 cos=0.214
  [clip s1] r50 clean=0.826 ASR=0.974 TSmal=0.284 TSben=0.151 cos=0.266
  [clip s1] r60 clean=0.820 ASR=0.991 TSmal=0.293 TSben=0.169 cos=0.262
  [clip s1] r70 clean=0.835 ASR=0.982 TSmal=0.180 TSben=0.088 cos=0.159
  [clip s1] r80 clean=0.837 ASR=0.983 TSmal=0.257 TSben=0.140 cos=0.216
  [clip s1] r90 clean=0.846 ASR=0.961 TSmal=0.244 TSben=0.122 cos=0.231
  [clip s1] r100 clean=0.844 ASR=0.991 TSmal=0.157 TSben=0.088 cos=0.181
  [clip s1] r110 clean=0.827 ASR=0.973 TSmal=0.172 TSben=0.105 cos=0.155
  [clip s1] r119 clean=0.839 ASR=0.999 TSmal=0.331 TSben=0.183 cos=0.287
cpsub|clip|s1: final clean=0.839 ASR=0.999 (320s)
  [clip s2] r00 clean=0.365 ASR=0.000 TSmal=0.613 TSben=0.504 cos=0.566
  [clip s2] r10 clean=0.809 ASR=0.111 TSmal=0.183 TSben=0.137 cos=0.191
  [clip s2] r20 clean=0.809 ASR=0.268 TSmal=0.279 TSben=0.136 cos=0.290
  [clip s2] r30 clean=0.839 ASR=0.555 TSmal=0.258 TSben=0.189 cos=0.255
  [clip s2] r40 clean=0.858 ASR=0.801 TSmal=0.070 TSben=0.093 cos=0.059
  [clip s2] r50 clean=0.864 ASR=0.922 TSmal=0.167 TSben=0.122 cos=0.167
  [clip s2] r60 clean=0.850 ASR=0.965 TSmal=0.365 TSben=0.218 cos=0.350
  [clip s2] r70 clean=0.865 ASR=0.958 TSmal=0.066 TSben=0.054 cos=0.054
  [clip s2] r80 clean=0.862 ASR=0.995 TSmal=0.162 TSben=0.087 cos=0.151
  [clip s2] r90 clean=0.873 ASR=0.977 TSmal=0.119 TSben=0.108 cos=0.114
  [clip s2] r100 clean=0.864 ASR=0.980 TSmal=0.319 TSben=0.203 cos=0.280
  [clip s2] r110 clean=0.889 ASR=0.985 TSmal=0.000 TSben=0.009 cos=-0.037
  [clip s2] r119 clean=0.871 ASR=0.992 TSmal=0.132 TSben=0.083 cos=0.136
cpsub|clip|s2: final clean=0.871 ASR=0.992 (330s)
  [clip s3] r00 clean=0.620 ASR=0.029 TSmal=0.511 TSben=0.543 cos=0.493
  [clip s3] r10 clean=0.781 ASR=0.136 TSmal=0.203 TSben=0.109 cos=0.258
  [clip s3] r20 clean=0.834 ASR=0.184 TSmal=0.206 TSben=0.142 cos=0.232
  [clip s3] r30 clean=0.824 ASR=0.780 TSmal=0.179 TSben=0.079 cos=0.191
  [clip s3] r40 clean=0.822 ASR=0.972 TSmal=0.144 TSben=0.055 cos=0.150
  [clip s3] r50 clean=0.870 ASR=0.971 TSmal=0.318 TSben=0.250 cos=0.318
  [clip s3] r60 clean=0.868 ASR=0.990 TSmal=0.220 TSben=0.156 cos=0.220
  [clip s3] r70 clean=0.841 ASR=0.996 TSmal=0.340 TSben=0.158 cos=0.338
  [clip s3] r80 clean=0.880 ASR=0.992 TSmal=0.007 TSben=0.023 cos=0.001
  [clip s3] r90 clean=0.872 ASR=0.988 TSmal=0.109 TSben=0.073 cos=0.076
  [clip s3] r100 clean=0.859 ASR=0.990 TSmal=0.243 TSben=0.134 cos=0.221
  [clip s3] r110 clean=0.861 ASR=0.994 TSmal=0.225 TSben=0.103 cos=0.218
  [clip s3] r119 clean=0.875 ASR=0.997 TSmal=0.163 TSben=0.091 cos=0.145
cpsub|clip|s3: final clean=0.875 ASR=0.997 (312s)
  [clip s4] r00 clean=0.558 ASR=0.079 TSmal=0.589 TSben=0.528 cos=0.548
  [clip s4] r10 clean=0.785 ASR=0.230 TSmal=0.256 TSben=0.081 cos=0.279
  [clip s4] r20 clean=0.793 ASR=0.285 TSmal=0.300 TSben=0.168 cos=0.288
  [clip s4] r30 clean=0.794 ASR=0.553 TSmal=0.313 TSben=0.147 cos=0.316
  [clip s4] r40 clean=0.858 ASR=0.650 TSmal=0.046 TSben=0.061 cos=0.031
  [clip s4] r50 clean=0.823 ASR=0.694 TSmal=0.292 TSben=0.085 cos=0.287
  [clip s4] r60 clean=0.857 ASR=0.851 TSmal=0.139 TSben=0.106 cos=0.134
  [clip s4] r70 clean=0.836 ASR=0.898 TSmal=0.259 TSben=0.171 cos=0.262
  [clip s4] r80 clean=0.857 ASR=0.965 TSmal=0.254 TSben=0.144 cos=0.267
  [clip s4] r90 clean=0.853 ASR=0.957 TSmal=0.105 TSben=0.082 cos=0.106
  [clip s4] r100 clean=0.871 ASR=0.988 TSmal=0.146 TSben=0.129 cos=0.141
  [clip s4] r110 clean=0.859 ASR=0.988 TSmal=0.228 TSben=0.127 cos=0.208
  [clip s4] r119 clean=0.855 ASR=0.994 TSmal=0.272 TSben=0.150 cos=0.274
cpsub|clip|s4: final clean=0.855 ASR=0.994 (319s)

===== SUMMARY =====
cpsub norm  n=5 finalASR 0.982+-0.014 [0.988, 0.993, 0.972, 0.996, 0.96] succ(>=0.8)=5/5 | clean 0.861+-0.011
cpsub clip  n=5 finalASR 0.996+-0.003 [0.998, 0.999, 0.992, 0.997, 0.994] succ(>=0.8)=5/5 | clean 0.857+-0.015
total 2645s
